---
source: crates/willikins-providers-fake/src/lib.rs
assertion_line: 178
expression: "catalog.list_tools_json()[\"tools\"]"
---
[
  {
    "class": "reversible",
    "description": "Derive this project's GitHub repository, Doppler project, and Buildkite pipeline slug identities from its org and slug.",
    "inputs": {
      "org": {
        "required": true,
        "ty": {
          "kind": "exact",
          "type": "GitHubOrg"
        }
      },
      "slug": {
        "required": true,
        "ty": {
          "kind": "exact",
          "type": "ProjectSlug"
        }
      }
    },
    "key": [],
    "name": "naming.v1",
    "outputs": {
      "buildkite_pipeline_slug": "BuildkitePipelineSlug",
      "doppler_project": "DopplerProject",
      "github_repo": "GitHubRepo"
    },
    "pure": true
  },
  {
    "class": "reversible",
    "description": "Read a WILLIKINS_-namespaced environment variable's value.",
    "inputs": {
      "name": {
        "required": true,
        "ty": {
          "kind": "exact",
          "type": "EnvVarName"
        }
      }
    },
    "key": [],
    "name": "env.get",
    "outputs": {
      "value": "OpaqueSecret"
    },
    "pure": true
  },
  {
    "class": "reversible",
    "description": "Base64-decode a secret value (RFC 4648 standard alphabet, padding either way, ASCII whitespace stripped first); the decoded bytes must be UTF-8.",
    "inputs": {
      "value": {
        "required": true,
        "ty": {
          "kind": "any_secret"
        }
      }
    },
    "key": [],
    "name": "base64.decode",
    "outputs": {
      "value": "OpaqueSecret"
    },
    "pure": true
  },
  {
    "class": "reversible",
    "description": "Parse a decoded secret as an EC P-256 (PKCS#8 or SEC1 PEM) App Store Connect signing key.",
    "inputs": {
      "value": {
        "required": true,
        "ty": {
          "kind": "any_secret"
        }
      }
    },
    "key": [],
    "name": "apple.signing_key.parse",
    "outputs": {
      "value": "AppleSigningKey"
    },
    "pure": true
  },
  {
    "class": "reversible",
    "description": "Parse text as an App Store Connect API key's issuer id.",
    "inputs": {
      "value": {
        "required": true,
        "ty": {
          "kind": "exact",
          "type": "Text"
        }
      }
    },
    "key": [],
    "name": "apple.issuer_id.parse",
    "outputs": {
      "value": "AppleIssuerId"
    },
    "pure": true
  },
  {
    "class": "reversible",
    "description": "Parse text as an App Store Connect API key's key id.",
    "inputs": {
      "value": {
        "required": true,
        "ty": {
          "kind": "exact",
          "type": "Text"
        }
      }
    },
    "key": [],
    "name": "apple.key_id.parse",
    "outputs": {
      "value": "AppleKeyId"
    },
    "pure": true
  },
  {
    "class": "reversible",
    "description": "Ensure a GitHub repository exists.",
    "inputs": {
      "repo": {
        "required": true,
        "ty": {
          "kind": "exact",
          "type": "GitHubRepo"
        }
      },
      "visibility": {
        "required": true,
        "ty": {
          "kind": "exact",
          "type": "RepoVisibility"
        }
      }
    },
    "key": [
      "repo"
    ],
    "name": "github.repo.ensure",
    "outputs": {
      "repo": "GitHubRepo",
      "url": "HttpsUrl"
    },
    "pure": false
  },
  {
    "class": "reversible",
    "description": "Ensure a GitHub Actions repository secret exists. Never reads or stores its value.",
    "inputs": {
      "name": {
        "required": true,
        "ty": {
          "kind": "exact",
          "type": "ActionsSecretName"
        }
      },
      "repo": {
        "required": true,
        "ty": {
          "kind": "exact",
          "type": "GitHubRepo"
        }
      },
      "value": {
        "required": true,
        "ty": {
          "kind": "any_secret"
        }
      }
    },
    "key": [
      "repo",
      "name"
    ],
    "name": "github.actions_secret.ensure",
    "outputs": {},
    "pure": false
  },
  {
    "class": "reversible",
    "description": "Ensure a Doppler project exists.",
    "inputs": {
      "project": {
        "required": true,
        "ty": {
          "kind": "exact",
          "type": "DopplerProject"
        }
      }
    },
    "key": [
      "project"
    ],
    "name": "doppler.project.ensure",
    "outputs": {
      "project": "DopplerProject"
    },
    "pure": false
  },
  {
    "class": "reversible",
    "description": "Ensure an environment's root Doppler config exists.",
    "inputs": {
      "environment": {
        "required": true,
        "ty": {
          "kind": "exact",
          "type": "EnvironmentSlug"
        }
      },
      "project": {
        "required": true,
        "ty": {
          "kind": "exact",
          "type": "DopplerProject"
        }
      }
    },
    "key": [
      "project",
      "environment"
    ],
    "name": "doppler.config.ensure",
    "outputs": {
      "config": "DopplerConfig"
    },
    "pure": false
  },
  {
    "class": "reversible",
    "description": "Ensure a Doppler config is inheritable.",
    "inputs": {
      "config": {
        "required": true,
        "ty": {
          "kind": "exact",
          "type": "DopplerConfig"
        }
      }
    },
    "key": [
      "config"
    ],
    "name": "doppler.config.inheritable.ensure",
    "outputs": {},
    "pure": false
  },
  {
    "class": "reversible",
    "description": "Ensure a Doppler config inherits a set of base configs.",
    "inputs": {
      "config": {
        "required": true,
        "ty": {
          "kind": "exact",
          "type": "DopplerConfig"
        }
      },
      "inherits": {
        "required": true,
        "ty": {
          "kind": "exact",
          "type": "list<DopplerConfig>"
        }
      }
    },
    "key": [
      "config"
    ],
    "name": "doppler.config.inherits.ensure",
    "outputs": {},
    "pure": false
  },
  {
    "class": "reversible",
    "description": "Ensure a Doppler service token exists. Its value can never be re-read once issued.",
    "inputs": {
      "config": {
        "required": true,
        "ty": {
          "kind": "exact",
          "type": "DopplerConfig"
        }
      },
      "name": {
        "required": true,
        "ty": {
          "kind": "exact",
          "type": "DopplerTokenName"
        }
      }
    },
    "key": [
      "config",
      "name"
    ],
    "name": "doppler.service_token.ensure",
    "outputs": {
      "token": "DopplerServiceToken"
    },
    "pure": false
  },
  {
    "class": "destructive",
    "description": "Revoke and re-mint a Doppler service token.",
    "inputs": {
      "config": {
        "required": true,
        "ty": {
          "kind": "exact",
          "type": "DopplerConfig"
        }
      },
      "name": {
        "required": true,
        "ty": {
          "kind": "exact",
          "type": "DopplerTokenName"
        }
      }
    },
    "key": [
      "config",
      "name"
    ],
    "name": "doppler.service_token.rotate",
    "outputs": {
      "token": "DopplerServiceToken"
    },
    "pure": false
  },
  {
    "class": "reversible",
    "description": "Read a Doppler secret's value.",
    "inputs": {
      "config": {
        "required": true,
        "ty": {
          "kind": "exact",
          "type": "DopplerConfig"
        }
      },
      "name": {
        "required": true,
        "ty": {
          "kind": "exact",
          "type": "SecretName"
        }
      }
    },
    "key": [],
    "name": "doppler.secret.get",
    "outputs": {
      "value": "DopplerSecretValue"
    },
    "pure": true
  },
  {
    "class": "reversible",
    "description": "Write a secret into a Doppler config. `config` must be the output of an earlier node — never a literal or a workflow input.",
    "inputs": {
      "config": {
        "derived_only": true,
        "required": true,
        "ty": {
          "kind": "exact",
          "type": "DopplerConfig"
        }
      },
      "name": {
        "required": true,
        "ty": {
          "kind": "exact",
          "type": "SecretName"
        }
      },
      "value": {
        "required": true,
        "ty": {
          "kind": "any_secret"
        }
      }
    },
    "key": [
      "config",
      "name"
    ],
    "name": "doppler.secret.set",
    "outputs": {},
    "pure": false
  },
  {
    "class": "reversible",
    "description": "Read a Doppler variable's value as non-secret text. Choosing this tool over `doppler.secret.get` is the document's own declaration that the value is not a secret.",
    "inputs": {
      "config": {
        "required": true,
        "ty": {
          "kind": "exact",
          "type": "DopplerConfig"
        }
      },
      "name": {
        "required": true,
        "ty": {
          "kind": "exact",
          "type": "SecretName"
        }
      }
    },
    "key": [],
    "name": "doppler.value.get",
    "outputs": {
      "value": "Text"
    },
    "pure": true
  },
  {
    "class": "reversible",
    "description": "Ensure a SigNoz ingestion key exists. Its value can never be re-read once minted.",
    "inputs": {
      "name": {
        "required": true,
        "ty": {
          "kind": "exact",
          "type": "SigNozIngestionKeyName"
        }
      }
    },
    "key": [
      "name"
    ],
    "name": "signoz.ingestion_key.ensure",
    "outputs": {
      "key": "SigNozIngestionKeyValue"
    },
    "pure": false
  },
  {
    "class": "reversible",
    "description": "Resolve a Buildkite cluster's human-written name to its id.",
    "inputs": {
      "name": {
        "required": true,
        "ty": {
          "kind": "exact",
          "type": "BuildkiteClusterName"
        }
      },
      "org": {
        "required": true,
        "ty": {
          "kind": "exact",
          "type": "BuildkiteOrg"
        }
      }
    },
    "key": [],
    "name": "buildkite.cluster.get",
    "outputs": {
      "cluster": "BuildkiteClusterId"
    },
    "pure": true
  },
  {
    "class": "reversible",
    "description": "Ensure a Buildkite pipeline exists in a cluster, pointed at a GitHub repository.",
    "inputs": {
      "cluster": {
        "required": true,
        "ty": {
          "kind": "exact",
          "type": "BuildkiteClusterId"
        }
      },
      "org": {
        "required": true,
        "ty": {
          "kind": "exact",
          "type": "BuildkiteOrg"
        }
      },
      "repo": {
        "required": true,
        "ty": {
          "kind": "exact",
          "type": "GitHubRepo"
        }
      },
      "slug": {
        "required": true,
        "ty": {
          "kind": "exact",
          "type": "BuildkitePipelineSlug"
        }
      }
    },
    "key": [
      "org",
      "slug"
    ],
    "name": "buildkite.pipeline.ensure",
    "outputs": {
      "slug": "BuildkitePipelineSlug",
      "url": "HttpsUrl"
    },
    "pure": false
  },
  {
    "class": "reversible",
    "description": "Register or converge an App Store Connect bundle identifier.",
    "inputs": {
      "identifier": {
        "required": true,
        "ty": {
          "kind": "exact",
          "type": "AppleBundleIdentifier"
        }
      },
      "issuer_id": {
        "required": true,
        "ty": {
          "kind": "exact",
          "type": "AppleIssuerId"
        }
      },
      "key": {
        "required": true,
        "ty": {
          "kind": "exact",
          "type": "AppleSigningKey"
        }
      },
      "key_id": {
        "required": true,
        "ty": {
          "kind": "exact",
          "type": "AppleKeyId"
        }
      },
      "name": {
        "required": true,
        "ty": {
          "kind": "exact",
          "type": "AppleBundleIdName"
        }
      },
      "platform": {
        "required": true,
        "ty": {
          "kind": "exact",
          "type": "AppleBundleIdPlatform"
        }
      }
    },
    "key": [
      "identifier"
    ],
    "name": "appstore.bundle_id.ensure",
    "outputs": {
      "id": "AppleBundleIdId",
      "identifier": "AppleBundleIdentifier",
      "name": "AppleBundleIdName"
    },
    "pure": false
  },
  {
    "class": "reversible",
    "description": "Switch on one capability of an already-registered App Store Connect bundle id.",
    "inputs": {
      "capability": {
        "required": true,
        "ty": {
          "kind": "exact",
          "type": "AppleCapabilityType"
        }
      },
      "identifier": {
        "required": true,
        "ty": {
          "kind": "exact",
          "type": "AppleBundleIdentifier"
        }
      },
      "issuer_id": {
        "required": true,
        "ty": {
          "kind": "exact",
          "type": "AppleIssuerId"
        }
      },
      "key": {
        "required": true,
        "ty": {
          "kind": "exact",
          "type": "AppleSigningKey"
        }
      },
      "key_id": {
        "required": true,
        "ty": {
          "kind": "exact",
          "type": "AppleKeyId"
        }
      }
    },
    "key": [
      "identifier",
      "capability"
    ],
    "name": "appstore.bundle_id_capability.ensure",
    "outputs": {
      "capability": "AppleCapabilityType"
    },
    "pure": false
  },
  {
    "class": "reversible",
    "description": "Select an App Store Connect distribution certificate by type and serial number.",
    "inputs": {
      "certificate_type": {
        "required": true,
        "ty": {
          "kind": "exact",
          "type": "AppleCertificateType"
        }
      },
      "issuer_id": {
        "required": true,
        "ty": {
          "kind": "exact",
          "type": "AppleIssuerId"
        }
      },
      "key": {
        "required": true,
        "ty": {
          "kind": "exact",
          "type": "AppleSigningKey"
        }
      },
      "key_id": {
        "required": true,
        "ty": {
          "kind": "exact",
          "type": "AppleKeyId"
        }
      },
      "serial_number": {
        "required": true,
        "ty": {
          "kind": "exact",
          "type": "AppleCertificateSerial"
        }
      }
    },
    "key": [],
    "name": "appstore.certificate.get",
    "outputs": {
      "certificate": "AppleCertificateId"
    },
    "pure": true
  },
  {
    "class": "reversible",
    "description": "Produce (or report) an App Store Connect IOS_APP_STORE provisioning profile relating a bundle identifier to a distribution certificate.",
    "inputs": {
      "certificate": {
        "required": true,
        "ty": {
          "kind": "exact",
          "type": "AppleCertificateId"
        }
      },
      "identifier": {
        "required": true,
        "ty": {
          "kind": "exact",
          "type": "AppleBundleIdentifier"
        }
      },
      "issuer_id": {
        "required": true,
        "ty": {
          "kind": "exact",
          "type": "AppleIssuerId"
        }
      },
      "key": {
        "required": true,
        "ty": {
          "kind": "exact",
          "type": "AppleSigningKey"
        }
      },
      "key_id": {
        "required": true,
        "ty": {
          "kind": "exact",
          "type": "AppleKeyId"
        }
      },
      "name": {
        "required": true,
        "ty": {
          "kind": "exact",
          "type": "AppleProfileName"
        }
      },
      "profile_type": {
        "required": true,
        "ty": {
          "kind": "exact",
          "type": "AppleProfileType"
        }
      }
    },
    "key": [
      "identifier",
      "name"
    ],
    "name": "appstore.profile.ensure",
    "outputs": {
      "content": "AppleProfileContent",
      "profile": "AppleProfileId"
    },
    "pure": false
  },
  {
    "class": "reversible",
    "description": "Test tool: always reports two constant, known service tokens.",
    "inputs": {
      "config": {
        "required": true,
        "ty": {
          "kind": "exact",
          "type": "DopplerConfig"
        }
      }
    },
    "key": [],
    "name": "fake.secret_list",
    "outputs": {
      "tokens": "list<DopplerServiceToken>"
    },
    "pure": true
  },
  {
    "class": "irreversible",
    "description": "Test tool: an irreversible resource, keyed by a project slug.",
    "inputs": {
      "key": {
        "required": true,
        "ty": {
          "kind": "exact",
          "type": "ProjectSlug"
        }
      }
    },
    "key": [
      "key"
    ],
    "name": "fake.irreversible.ensure",
    "outputs": {},
    "pure": false
  },
  {
    "class": "reversible",
    "description": "Render a template, replacing every `{{ value }}` with a plain-text value.",
    "inputs": {
      "template": {
        "required": true,
        "ty": {
          "kind": "exact",
          "type": "TemplateSource"
        }
      },
      "value": {
        "required": true,
        "ty": {
          "kind": "exact",
          "type": "Text"
        }
      }
    },
    "key": [],
    "name": "template.render",
    "outputs": {
      "rendered": "Text"
    },
    "pure": true
  }
]
