---
source: crates/willikins-providers-github/tests/catalog_parity.rs
assertion_line: 60
expression: secret
---
{
  "class": "reversible",
  "description": "Ensure a GitHub Actions repository secret exists. Never reads or stores its value.",
  "inputs": {
    "name": {
      "required": true,
      "ty": {
        "kind": "exact",
        "type": "ActionsSecretName"
      }
    },
    "repo": {
      "required": true,
      "ty": {
        "kind": "exact",
        "type": "GitHubRepo"
      }
    },
    "value": {
      "required": true,
      "ty": {
        "kind": "any_secret"
      }
    }
  },
  "key": [
    "repo",
    "name"
  ],
  "name": "github.actions_secret.ensure",
  "outputs": {},
  "pure": false
}
