---
source: crates/willikins-types/tests/catalog.rs
assertion_line: 101
expression: redacted
---
[
  {
    "name": "WordList",
    "secret": false,
    "description": "An ordered, non-empty list of lowercase ASCII words, serialised as kebab-case.",
    "example": "third-thoughts",
    "schema": {
      "$schema": "https://json-schema.org/draft/2020-12/schema",
      "title": "WordList",
      "description": "An ordered, non-empty list of lowercase ASCII words, serialised as kebab-case.",
      "type": "string",
      "examples": [
        "third-thoughts"
      ],
      "pattern": "^[a-z][a-z0-9]*(-[a-z0-9]+)*$"
    }
  },
  {
    "name": "ProjectSlug",
    "secret": false,
    "description": "The canonical, immutable slug identifying a project.",
    "example": "third-thoughts",
    "schema": {
      "$schema": "https://json-schema.org/draft/2020-12/schema",
      "title": "ProjectSlug",
      "description": "The canonical, immutable slug identifying a project.",
      "type": "string",
      "examples": [
        "third-thoughts"
      ],
      "maxLength": 32,
      "pattern": "^[a-z][a-z0-9]*(-[a-z0-9]+)*$"
    }
  },
  {
    "name": "ComponentSlug",
    "secret": false,
    "description": "A slug identifying one component within a project.",
    "example": "api",
    "schema": {
      "$schema": "https://json-schema.org/draft/2020-12/schema",
      "title": "ComponentSlug",
      "description": "A slug identifying one component within a project.",
      "type": "string",
      "examples": [
        "api"
      ],
      "maxLength": 32,
      "pattern": "^[a-z][a-z0-9]*(-[a-z0-9]+)*$"
    }
  },
  {
    "name": "EnvironmentSlug",
    "secret": false,
    "description": "A slug identifying a deployment environment.",
    "example": "prd",
    "schema": {
      "$schema": "https://json-schema.org/draft/2020-12/schema",
      "title": "EnvironmentSlug",
      "description": "A slug identifying a deployment environment.",
      "type": "string",
      "examples": [
        "prd"
      ],
      "maxLength": 16,
      "pattern": "^[a-z][a-z0-9]*(-[a-z0-9]+)*$"
    }
  },
  {
    "name": "ProjectName",
    "secret": false,
    "description": "A project's free-form, human-readable display name.",
    "example": "Third Thoughts",
    "schema": {
      "$schema": "https://json-schema.org/draft/2020-12/schema",
      "title": "ProjectName",
      "description": "A project's free-form, human-readable display name.",
      "type": "string",
      "examples": [
        "Third Thoughts"
      ],
      "maxLength": 100,
      "minLength": 1
    }
  },
  {
    "name": "Text",
    "secret": false,
    "description": "A free-form piece of text. Never secret.",
    "example": "Third Thoughts",
    "schema": {
      "$schema": "https://json-schema.org/draft/2020-12/schema",
      "title": "Text",
      "description": "A free-form piece of text. Never secret.",
      "type": "string",
      "examples": [
        "Third Thoughts"
      ],
      "maxLength": 65536
    }
  },
  {
    "name": "TemplateSource",
    "secret": false,
    "description": "The source text of a template.",
    "example": "Hello, {{ value }}!",
    "schema": {
      "$schema": "https://json-schema.org/draft/2020-12/schema",
      "title": "TemplateSource",
      "description": "The source text of a template.",
      "type": "string",
      "examples": [
        "Hello, {{ value }}!"
      ],
      "maxLength": 65536
    }
  },
  {
    "name": "GitHubOrg",
    "secret": false,
    "description": "A GitHub organisation or user login.",
    "example": "lightless-labs",
    "schema": {
      "$schema": "https://json-schema.org/draft/2020-12/schema",
      "title": "GitHubOrg",
      "description": "A GitHub organisation or user login.",
      "type": "string",
      "examples": [
        "lightless-labs"
      ],
      "maxLength": 39,
      "pattern": "^(?:[A-Za-z0-9]+(?:-[A-Za-z0-9]+)*)$"
    }
  },
  {
    "name": "RepoVisibility",
    "secret": false,
    "description": "A GitHub repository's visibility: private or public.",
    "example": "private",
    "schema": {
      "$schema": "https://json-schema.org/draft/2020-12/schema",
      "title": "RepoVisibility",
      "description": "A GitHub repository's visibility: private or public.",
      "type": "string",
      "enum": [
        "private",
        "public"
      ],
      "examples": [
        "private"
      ]
    }
  },
  {
    "name": "GitHubRepo",
    "secret": false,
    "description": "A GitHub repository identity: owner/name.",
    "example": "lightless-labs/third-thoughts",
    "schema": {
      "$schema": "https://json-schema.org/draft/2020-12/schema",
      "title": "GitHubRepo",
      "description": "A GitHub repository identity: owner/name.",
      "type": "string",
      "examples": [
        "lightless-labs/third-thoughts"
      ],
      "maxLength": 72,
      "pattern": "^[A-Za-z0-9]+(?:-[A-Za-z0-9]+)*/[a-z][a-z0-9]*(-[a-z0-9]+)*$"
    }
  },
  {
    "name": "HttpsUrl",
    "secret": false,
    "description": "An https:// URL.",
    "example": "https://github.com/lightless-labs/third-thoughts",
    "schema": {
      "$schema": "https://json-schema.org/draft/2020-12/schema",
      "title": "HttpsUrl",
      "description": "An https:// URL.",
      "type": "string",
      "examples": [
        "https://github.com/lightless-labs/third-thoughts"
      ],
      "maxLength": 2048,
      "pattern": "^(?:https://[^\\s/]+(?:/[^\\s]*)?)$"
    }
  },
  {
    "name": "ActionsSecretName",
    "secret": false,
    "description": "A GitHub Actions repository secret name. Must not start with GITHUB_, which GitHub reserves for its own automatically supplied secrets.",
    "example": "DOPPLER_TOKEN",
    "schema": {
      "$schema": "https://json-schema.org/draft/2020-12/schema",
      "title": "ActionsSecretName",
      "description": "A GitHub Actions repository secret name. Must not start with GITHUB_, which GitHub reserves for its own automatically supplied secrets.",
      "type": "string",
      "examples": [
        "DOPPLER_TOKEN"
      ],
      "maxLength": 200,
      "pattern": "^[A-Z_][A-Z0-9_]*$"
    }
  },
  {
    "name": "EnvVarName",
    "secret": false,
    "description": "The name of a WILLIKINS_-namespaced environment variable.",
    "example": "WILLIKINS_DOPPLER_TOKEN",
    "schema": {
      "$schema": "https://json-schema.org/draft/2020-12/schema",
      "title": "EnvVarName",
      "description": "The name of a WILLIKINS_-namespaced environment variable.",
      "type": "string",
      "examples": [
        "WILLIKINS_DOPPLER_TOKEN"
      ],
      "maxLength": 128,
      "pattern": "^(?:WILLIKINS_[A-Z][A-Z0-9_]*)$"
    }
  },
  {
    "name": "DopplerProject",
    "secret": false,
    "description": "A Doppler project slug.",
    "example": "third-thoughts",
    "schema": {
      "$schema": "https://json-schema.org/draft/2020-12/schema",
      "title": "DopplerProject",
      "description": "A Doppler project slug.",
      "type": "string",
      "examples": [
        "third-thoughts"
      ],
      "maxLength": 64,
      "pattern": "^(?:[a-z0-9]+(?:-[a-z0-9]+)*)$"
    }
  },
  {
    "name": "DopplerConfigName",
    "secret": false,
    "description": "A Doppler config name.",
    "example": "prd",
    "schema": {
      "$schema": "https://json-schema.org/draft/2020-12/schema",
      "title": "DopplerConfigName",
      "description": "A Doppler config name.",
      "type": "string",
      "examples": [
        "prd"
      ],
      "maxLength": 60,
      "pattern": "^(?:[a-z0-9_]+)$"
    }
  },
  {
    "name": "DopplerConfig",
    "secret": false,
    "description": "A Doppler config identity: project/name.",
    "example": "third-thoughts/prd",
    "schema": {
      "$schema": "https://json-schema.org/draft/2020-12/schema",
      "title": "DopplerConfig",
      "description": "A Doppler config identity: project/name.",
      "type": "string",
      "examples": [
        "third-thoughts/prd"
      ],
      "maxLength": 125,
      "pattern": "^[a-z0-9]+(?:-[a-z0-9]+)*/[a-z0-9_]+$"
    }
  },
  {
    "name": "DopplerTokenName",
    "secret": false,
    "description": "A Doppler service token name.",
    "example": "ci",
    "schema": {
      "$schema": "https://json-schema.org/draft/2020-12/schema",
      "title": "DopplerTokenName",
      "description": "A Doppler service token name.",
      "type": "string",
      "examples": [
        "ci"
      ],
      "maxLength": 64,
      "pattern": "^(?:[a-z0-9]+(?:-[a-z0-9]+)*)$"
    }
  },
  {
    "name": "SecretName",
    "secret": false,
    "description": "A secret's name within a Doppler config.",
    "example": "DATABASE_URL",
    "schema": {
      "$schema": "https://json-schema.org/draft/2020-12/schema",
      "title": "SecretName",
      "description": "A secret's name within a Doppler config.",
      "type": "string",
      "examples": [
        "DATABASE_URL"
      ],
      "maxLength": 200,
      "pattern": "^(?:[A-Z_][A-Z0-9_]*)$"
    }
  },
  {
    "name": "DopplerServiceToken",
    "secret": true,
    "description": "A Doppler service token value.",
    "example": "[ELIDED SECRET EXAMPLE]",
    "schema": {
      "$schema": "https://json-schema.org/draft/2020-12/schema",
      "title": "DopplerServiceToken",
      "description": "A Doppler service token value.",
      "type": "string",
      "examples": [
        "[ELIDED SECRET EXAMPLE]"
      ],
      "pattern": "^(?:dp\\.st\\.(?:[a-z0-9\\-_]{2,35}\\.)?[a-zA-Z0-9]{40,44})$"
    }
  },
  {
    "name": "DopplerSecretValue",
    "secret": true,
    "description": "A secret's value.",
    "example": "[ELIDED SECRET EXAMPLE]",
    "schema": {
      "$schema": "https://json-schema.org/draft/2020-12/schema",
      "title": "DopplerSecretValue",
      "description": "A secret's value.",
      "type": "string",
      "examples": [
        "[ELIDED SECRET EXAMPLE]"
      ],
      "maxLength": 65536,
      "minLength": 1
    }
  },
  {
    "name": "BuildkiteOrg",
    "secret": false,
    "description": "A Buildkite organisation slug.",
    "example": "willikins-test",
    "schema": {
      "$schema": "https://json-schema.org/draft/2020-12/schema",
      "title": "BuildkiteOrg",
      "description": "A Buildkite organisation slug.",
      "type": "string",
      "examples": [
        "willikins-test"
      ],
      "maxLength": 100,
      "pattern": "^(?:[a-z0-9]+(?:-[a-z0-9]+)*)$"
    }
  },
  {
    "name": "BuildkitePipelineSlug",
    "secret": false,
    "description": "A Buildkite pipeline slug.",
    "example": "third-thoughts",
    "schema": {
      "$schema": "https://json-schema.org/draft/2020-12/schema",
      "title": "BuildkitePipelineSlug",
      "description": "A Buildkite pipeline slug.",
      "type": "string",
      "examples": [
        "third-thoughts"
      ],
      "maxLength": 100,
      "pattern": "^(?:[a-z0-9][a-z0-9-]*)$"
    }
  },
  {
    "name": "BuildkiteClusterId",
    "secret": false,
    "description": "A Buildkite cluster's UUID.",
    "example": "018e5a22-d14c-7085-bb28-db0f83f43a1c",
    "schema": {
      "$schema": "https://json-schema.org/draft/2020-12/schema",
      "title": "BuildkiteClusterId",
      "description": "A Buildkite cluster's UUID.",
      "type": "string",
      "examples": [
        "018e5a22-d14c-7085-bb28-db0f83f43a1c"
      ],
      "pattern": "^(?:[0-9a-f]{8}-[0-9a-f]{4}-[0-9a-f]{4}-[0-9a-f]{4}-[0-9a-f]{12})$"
    }
  },
  {
    "name": "BuildkiteClusterName",
    "secret": false,
    "description": "A human-written Buildkite cluster name, such as `Default cluster`.",
    "example": "Default cluster",
    "schema": {
      "$schema": "https://json-schema.org/draft/2020-12/schema",
      "title": "BuildkiteClusterName",
      "description": "A human-written Buildkite cluster name, such as `Default cluster`.",
      "type": "string",
      "examples": [
        "Default cluster"
      ],
      "maxLength": 255,
      "minLength": 1
    }
  },
  {
    "name": "WorkflowName",
    "secret": false,
    "description": "A workflow's name: lowercase, hyphen-separated, at most 64 characters.",
    "example": "new-rust-service",
    "schema": {
      "$schema": "https://json-schema.org/draft/2020-12/schema",
      "title": "WorkflowName",
      "description": "A workflow's name: lowercase, hyphen-separated, at most 64 characters.",
      "type": "string",
      "examples": [
        "new-rust-service"
      ],
      "maxLength": 64,
      "pattern": "^(?:[a-z][a-z0-9]*(-[a-z0-9]+)*)$"
    }
  },
  {
    "name": "Description",
    "secret": false,
    "description": "A free-text description shown to an agent, at most 1,024 characters.",
    "example": "Provision a GitHub repository and Doppler project for a Rust service.",
    "schema": {
      "$schema": "https://json-schema.org/draft/2020-12/schema",
      "title": "Description",
      "description": "A free-text description shown to an agent, at most 1,024 characters.",
      "type": "string",
      "examples": [
        "Provision a GitHub repository and Doppler project for a Rust service."
      ],
      "maxLength": 1024
    }
  },
  {
    "name": "SigNozIngestionKeyName",
    "secret": false,
    "description": "The name of a SigNoz ingestion key.",
    "example": "willikins-example-key",
    "schema": {
      "$schema": "https://json-schema.org/draft/2020-12/schema",
      "title": "SigNozIngestionKeyName",
      "description": "The name of a SigNoz ingestion key.",
      "type": "string",
      "examples": [
        "willikins-example-key"
      ],
      "maxLength": 128,
      "pattern": "^(?:[A-Za-z0-9][A-Za-z0-9_-]*)$"
    }
  },
  {
    "name": "SigNozIngestionKeyValue",
    "secret": true,
    "description": "A SigNoz ingestion key's minted value.",
    "example": "[ELIDED SECRET EXAMPLE]",
    "schema": {
      "$schema": "https://json-schema.org/draft/2020-12/schema",
      "title": "SigNozIngestionKeyValue",
      "description": "A SigNoz ingestion key's minted value.",
      "type": "string",
      "examples": [
        "[ELIDED SECRET EXAMPLE]"
      ],
      "maxLength": 4096,
      "minLength": 1
    }
  },
  {
    "name": "OpaqueSecret",
    "secret": true,
    "description": "An opaque secret value passed between a resolver and a transform or parse tool. Asserts nothing about its shape.",
    "example": "[ELIDED SECRET EXAMPLE]",
    "schema": {
      "$schema": "https://json-schema.org/draft/2020-12/schema",
      "title": "OpaqueSecret",
      "description": "An opaque secret value passed between a resolver and a transform or parse tool. Asserts nothing about its shape.",
      "type": "string",
      "examples": [
        "[ELIDED SECRET EXAMPLE]"
      ],
      "maxLength": 65536,
      "minLength": 1
    }
  },
  {
    "name": "AppleSigningKey",
    "secret": true,
    "description": "An EC P-256 private key, PKCS#8 or SEC1 PEM-encoded (canonicalised to PKCS#8). Secret.",
    "example": "[ELIDED SECRET EXAMPLE]",
    "schema": {
      "$schema": "https://json-schema.org/draft/2020-12/schema",
      "title": "AppleSigningKey",
      "description": "An EC P-256 private key, PKCS#8 or SEC1 PEM-encoded (canonicalised to PKCS#8). Secret.",
      "type": "string",
      "maxLength": 4096
    }
  }
]
